bench commands failed: bench not found
playwright test failed: package not installed
